// Jest Snapshot v1, https://goo.gl/fbAQLP

exports[`Render components 1. render About page 1`] = `ShallowWrapper {}`;

exports[`Render components 4. Housing matches snapshot 1`] = `ShallowWrapper {}`;

exports[`Render components 5. ChildCare matches snapshot 1`] = `ShallowWrapper {}`;

exports[`Render components 6. Jobs matches snapshot 1`] = `ShallowWrapper {}`;

exports[`Render components 7. Navbar matches snapshot 1`] = `ShallowWrapper {}`;

exports[`Render components 8. ChildCareGrid matches snapshot 1`] = `ShallowWrapper {}`;

exports[`Render components 9. HousingGrid matches snapshot 1`] = `ShallowWrapper {}`;

exports[`Render components 10. JobGrid matches snapshot 1`] = `ShallowWrapper {}`;
